INFO 2025-07-14 13:36:51,121 services 13428 21500 Backup created: Backup creation failed
INFO 2025-07-14 15:03:05,360 services 5372 13452 Backup created: Backup creation failed
INFO 2025-07-14 15:25:53,344 services 18880 17736 Starting comprehensive content scraping and update...
INFO 2025-07-14 15:25:53,363 services 18880 17736 Backup created: Backup created successfully: content_backup_scraped_20250714_152553
INFO 2025-07-14 15:25:53,364 services 18880 17736 Scraping content from all sources...
INFO 2025-07-14 15:25:53,364 services 18880 17736 Scraping Wikipedia content...
INFO 2025-07-14 15:26:15,611 services 18880 17736 Scraping cultural institution content...
INFO 2025-07-14 15:26:56,178 services 18880 17736 Scraping completed. Total items: Articles: 10, Timeline: 41, Glossary: 35
INFO 2025-07-14 15:26:57,270 services 21792 20620 Starting comprehensive content scraping and update...
INFO 2025-07-14 15:26:57,288 services 21792 20620 Backup created: Backup created successfully: content_backup_scraped_20250714_152657
INFO 2025-07-14 15:26:57,289 services 21792 20620 Scraping content from all sources...
INFO 2025-07-14 15:26:57,289 services 21792 20620 Scraping Wikipedia content...
INFO 2025-07-14 15:27:19,192 services 21792 20620 Scraping cultural institution content...
INFO 2025-07-14 15:27:58,426 services 21792 20620 Scraping completed. Total items: Articles: 10, Timeline: 41, Glossary: 35
INFO 2025-07-14 15:36:24,307 services 22276 8836 Scraping content from all sources...
INFO 2025-07-14 15:36:24,307 services 22276 8836 Scraping Wikipedia content...
INFO 2025-07-14 15:36:46,417 services 22276 8836 Scraping cultural institution content...
INFO 2025-07-14 15:37:24,979 services 22276 8836 Scraping completed. Total items: Articles: 10, Timeline: 41, Glossary: 35
INFO 2025-07-14 15:49:56,432 services 21996 16464 Starting comprehensive content scraping and update...
INFO 2025-07-14 15:49:56,456 services 21996 16464 Backup created: Backup created successfully: content_backup_scraped_20250714_154956
INFO 2025-07-14 15:49:56,460 services 21996 16464 Scraping content from all sources...
INFO 2025-07-14 15:49:56,460 services 21996 16464 Scraping Wikipedia content...
INFO 2025-07-14 15:50:18,477 services 21996 16464 Scraping cultural institution content...
INFO 2025-07-14 15:50:58,260 services 21996 16464 Scraping completed. Total items: Articles: 10, Timeline: 41, Glossary: 35
INFO 2025-07-14 16:01:32,118 services 21152 17448 Starting comprehensive content scraping and update...
INFO 2025-07-14 16:01:32,145 services 21152 17448 Backup created: Backup created successfully: content_backup_scraped_20250714_160132
INFO 2025-07-14 16:01:32,145 services 21152 17448 Scraping content from all sources...
INFO 2025-07-14 16:01:32,146 services 21152 17448 Scraping Wikipedia content...
INFO 2025-07-14 16:01:53,991 services 21152 17448 Scraping cultural institution content...
INFO 2025-07-14 16:02:34,261 services 21152 17448 Scraping completed. Total items: Articles: 10, Timeline: 41, Glossary: 35
INFO 2025-07-14 16:08:59,769 services 8468 8156 Starting comprehensive content scraping and update...
INFO 2025-07-14 16:08:59,788 services 8468 8156 Backup created: Backup created successfully: content_backup_scraped_20250714_160859
INFO 2025-07-14 16:08:59,788 services 8468 8156 Scraping content from all sources...
INFO 2025-07-14 16:08:59,790 services 8468 8156 Scraping Wikipedia content...
INFO 2025-07-14 16:09:21,566 services 8468 8156 Scraping cultural institution content...
INFO 2025-07-14 16:10:01,500 services 8468 8156 Scraping completed. Total items: Articles: 10, Timeline: 41, Glossary: 35
INFO 2025-07-15 12:37:07,503 services 11568 12408 Starting comprehensive content scraping and update...
INFO 2025-07-15 12:37:07,534 services 11568 12408 Backup created: Backup created successfully: content_backup_scraped_20250715_123707
INFO 2025-07-15 12:37:07,534 services 11568 12408 Scraping content from all sources...
INFO 2025-07-15 12:37:07,534 services 11568 12408 Scraping Wikipedia content...
INFO 2025-07-15 12:37:32,386 services 11568 12408 Scraping cultural institution content...
INFO 2025-07-15 12:38:14,004 services 11568 12408 Scraping completed. Total items: Articles: 10, Timeline: 41, Glossary: 35
